[    4731ms] [WARNING] A speculation rule set was inserted into the document but will be ignored. This might happen, for example, if it was previously inserted into another document, or if it was created using the innerHTML setter. @ https://www.google.com/search?q=Chilevision+Mundial+2026+horarios+CHV:30
[    5834ms] [INFO] Autofocus processing was blocked because a document already has a focused element. @ https://www.google.com/search?q=Chilevision+Mundial+2026+horarios+CHV:0
[   14899ms] [LOG] *****mowplayer***** @ https://www.chilevision.cl/chv-deportes/futbol-internacional/chilevision-confirma-sus-partidos-para-el-mundial-2026-revisa-el-calendario-completo-y-los-horarios-en-chile/:814
[   14987ms] [LOG] *****publicidad***** @ https://www.chilevision.cl/_templates/desktop/includes/js/publicity_ES6.js?v=1.1.1:91
[   15003ms] [LOG] *****publicidad***** @ https://www.chilevision.cl/_templates/desktop/includes/js/publicity_ES6.js?v=1.1.1:91
[   15272ms] [WARNING] [GPT] Slot.setTargeting is deprecated, use Slot.setConfig({targeting: ...}) instead.
https://goo.gle/gpt-message#171 @ https://securepubads.g.doubleclick.net/pagead/managed/js/gpt/m202605290101/pubads_impl.js?cb=31098925:18
[   15274ms] [WARNING] [GPT] PubAdsService.enableSingleRequest is deprecated, use googletag.setConfig({singleRequest: ...}) instead.
https://goo.gle/gpt-message#170 @ https://securepubads.g.doubleclick.net/pagead/managed/js/gpt/m202605290101/pubads_impl.js?cb=31098925:18
[   15422ms] [WARNING] [Meta Pixel] - Duplicate Pixel ID: 532721644796310. @ https://connect.facebook.net/en_US/fbevents.js:183
[   15422ms] [WARNING] [Meta Pixel] - Duplicate Pixel ID: 374532633857319. @ https://connect.facebook.net/en_US/fbevents.js:183
[   16390ms] [LOG] no class @ https://rudo.video/public/dpsPlayer/8.21.1.n/plugins/nuevo.min.js?v=369841202:5
[   16874ms] [WARNING] [GPT] Interstitial /22486451388/ca-pub-9219954761243535-tag/Elpais.com.co/mow_elpais.com.co_300x250_tag_new not requested: Format already created on the page.
https://goo.gle/gpt-message#134 @ https://securepubads.g.doubleclick.net/pagead/managed/js/gpt/m202605290101/pubads_impl.js?cb=31098925:18
[   16970ms] [WARNING] [GPT] Slot 300X250_B_899712 rendered inside of the viewport.
https://goo.gle/gpt-message#169 @ https://securepubads.g.doubleclick.net/pagead/managed/js/gpt/m202605290101/pubads_impl.js?cb=31098925:18
[   17989ms] Error: vignette: no interstitial API
    at https://s0.2mdn.net/879366/html_inpage_rendering_lib_200_287.js:277:49
[   17947ms] [ERROR] Failed to load resource: net::ERR_NAME_NOT_RESOLVED @ https://js.dmtry.com/antenna2.js?0_4202_435938556_252390791:0
[   17952ms] [ERROR] Failed to load resource: net::ERR_NAME_NOT_RESOLVED @ https://log.dmtry.com/redir/1/0/4202/435938556/252390791/1/180/0/1006/1.ver?at=i&d=PxImp:0
[   18686ms] [ERROR] Attestation check for Attribution Reporting on https://ad.doubleclick.net failed. @ https://www.chilevision.cl/chv-deportes/futbol-internacional/chilevision-confirma-sus-partidos-para-el-mundial-2026-revisa-el-calendario-completo-y-los-horarios-en-chile/:0
[   18687ms] [ERROR] Attestation check for Attribution Reporting on https://ad.doubleclick.net failed. @ https://www.chilevision.cl/chv-deportes/futbol-internacional/chilevision-confirma-sus-partidos-para-el-mundial-2026-revisa-el-calendario-completo-y-los-horarios-en-chile/:0
[   18719ms] [WARNING] [GPT] Slot mow-dsb-991021595026837 rendered inside of the viewport.
https://goo.gle/gpt-message#169 @ https://securepubads.g.doubleclick.net/pagead/managed/js/gpt/m202605290101/pubads_impl.js?cb=31098925:18
[   18842ms] [WARNING] [GPT] Slot mow-dsb-368636887747145 rendered inside of the viewport.
https://goo.gle/gpt-message#169 @ https://securepubads.g.doubleclick.net/pagead/managed/js/gpt/m202605290101/pubads_impl.js?cb=31098925:18
[   18854ms] [LOG] CLVR: v2.66.0 @ https://scripts.cleverwebserver.com/1a8b9850f6682666afe81cca259fec3f.js:0
[   18854ms] [LOG] CLVR: 75360 @ https://scripts.cleverwebserver.com/1a8b9850f6682666afe81cca259fec3f.js:0
[   18854ms] [LOG] CLVR: 2026-05-25 10:21:34 @ https://scripts.cleverwebserver.com/1a8b9850f6682666afe81cca259fec3f.js:0
[   18972ms] [LOG] CLVR: UI Loaded @ https://scripts.cleverwebserver.com/1a8b9850f6682666afe81cca259fec3f.js:0
[   18975ms] [LOG] CLVR: Format Cube found @ https://scripts.cleverwebserver.com/1a8b9850f6682666afe81cca259fec3f.js:0
[   19380ms] [LOG] [DEBUG] checkTransitionToDAI: Debouncing playPromiseSafe(player) @ https://rudo.video/public/dpsPlayer/8.21.1.n/live-jireh.js?v=369841202&ch=chvdeportes:340
[   19684ms] [LOG] [DEBUG] playPromiseSafe INICIO - lastMutedDAIStatus: true | targetPlayer.muted() original: true @ https://rudo.video/public/dpsPlayer/8.21.1.n/live-jireh.js?v=369841202&ch=chvdeportes:128
[   19684ms] [LOG] [DEBUG] playPromiseSafe PRE-PLAY - targetPlayer.muted() actual: true @ https://rudo.video/public/dpsPlayer/8.21.1.n/live-jireh.js?v=369841202&ch=chvdeportes:140
[   19684ms] [LOG] [DEBUG] playAttempt resuelto sin problemas @ https://rudo.video/public/dpsPlayer/8.21.1.n/live-jireh.js?v=369841202&ch=chvdeportes:145
[   21643ms] [LOG] no class @ https://rudo.video/public/dpsPlayer/8.21.1.n/plugins/nuevo.min.js?v=369841202:5
[   17947ms] [ERROR] Failed to load resource: net::ERR_NAME_NOT_RESOLVED @ https://js.dmtry.com/antenna2.js?0_4202_435938556_252390791:0
[   17952ms] [ERROR] Failed to load resource: net::ERR_NAME_NOT_RESOLVED @ https://log.dmtry.com/redir/1/0/4202/435938556/252390791/1/180/0/1006/1.ver?at=i&d=PxImp:0
[   21756ms] [ERROR] Attestation check for Shared Storage on https://www.googleadservices.com failed. @ https://www.googleadservices.com/pagead/managed/js/activeview/current/reach_worklet.html:0
[   17947ms] [ERROR] Failed to load resource: net::ERR_NAME_NOT_RESOLVED @ https://js.dmtry.com/antenna2.js?0_4202_435938556_252390791:0
[   17952ms] [ERROR] Failed to load resource: net::ERR_NAME_NOT_RESOLVED @ https://log.dmtry.com/redir/1/0/4202/435938556/252390791/1/180/0/1006/1.ver?at=i&d=PxImp:0
[   22008ms] [ERROR] Attestation check for Shared Storage on https://www.googleadservices.com failed. @ https://www.googleadservices.com/pagead/managed/js/activeview/current/reach_worklet.html:0
[   22011ms] [ERROR] Attestation check for Shared Storage on https://www.googleadservices.com failed. @ https://www.googleadservices.com/pagead/managed/js/activeview/current/reach_worklet.html:0
[   22014ms] [ERROR] Attestation check for Shared Storage on https://www.googleadservices.com failed. @ https://www.googleadservices.com/pagead/managed/js/activeview/current/reach_worklet.html:0
[   22122ms] [ERROR] Failed to load resource: net::ERR_NAME_NOT_RESOLVED @ https://log.dmtry.com/redir/1/0/4202/435938544/252390788/1/180/0/1006/1.ver?at=i&d=PxImp:0
[   22122ms] [ERROR] Failed to load resource: net::ERR_NAME_NOT_RESOLVED @ https://js.dmtry.com/antenna2.js?0_4202_435938544_252390788:0
[   22183ms] [ERROR] Attestation check for Attribution Reporting on https://ad.doubleclick.net failed. @ https://www.chilevision.cl/chv-deportes/futbol-internacional/chilevision-confirma-sus-partidos-para-el-mundial-2026-revisa-el-calendario-completo-y-los-horarios-en-chile/:0
[   22239ms] [ERROR] Attestation check for Attribution Reporting on https://ad.doubleclick.net failed. @ https://www.chilevision.cl/chv-deportes/futbol-internacional/chilevision-confirma-sus-partidos-para-el-mundial-2026-revisa-el-calendario-completo-y-los-horarios-en-chile/:0
[   22356ms] [ERROR] Attestation check for Attribution Reporting on https://ad.doubleclick.net failed. @ https://www.chilevision.cl/chv-deportes/futbol-internacional/chilevision-confirma-sus-partidos-para-el-mundial-2026-revisa-el-calendario-completo-y-los-horarios-en-chile/:0
[   22437ms] [ERROR] Refused to get unsafe header "X-Afma-Gcache-IsGcacheHit" @ https://imasdk.googleapis.com/formats/outstream/versioned/prod2/outstream_web_client_20260511_RC00/outstream.min.js:459
[   21756ms] [ERROR] Attestation check for Shared Storage on https://www.googleadservices.com failed. @ https://www.googleadservices.com/pagead/managed/js/activeview/current/reach_worklet.html:0
[   22008ms] [ERROR] Attestation check for Shared Storage on https://www.googleadservices.com failed. @ https://www.googleadservices.com/pagead/managed/js/activeview/current/reach_worklet.html:0
[   22011ms] [ERROR] Attestation check for Shared Storage on https://www.googleadservices.com failed. @ https://www.googleadservices.com/pagead/managed/js/activeview/current/reach_worklet.html:0
[   22014ms] [ERROR] Attestation check for Shared Storage on https://www.googleadservices.com failed. @ https://www.googleadservices.com/pagead/managed/js/activeview/current/reach_worklet.html:0
[   21756ms] [ERROR] Attestation check for Shared Storage on https://www.googleadservices.com failed. @ https://www.googleadservices.com/pagead/managed/js/activeview/current/reach_worklet.html:0
[   22008ms] [ERROR] Attestation check for Shared Storage on https://www.googleadservices.com failed. @ https://www.googleadservices.com/pagead/managed/js/activeview/current/reach_worklet.html:0
[   22011ms] [ERROR] Attestation check for Shared Storage on https://www.googleadservices.com failed. @ https://www.googleadservices.com/pagead/managed/js/activeview/current/reach_worklet.html:0
[   22014ms] [ERROR] Attestation check for Shared Storage on https://www.googleadservices.com failed. @ https://www.googleadservices.com/pagead/managed/js/activeview/current/reach_worklet.html:0
[   22565ms] [ERROR] Attestation check for Shared Storage on https://www.googleadservices.com failed. @ https://www.googleadservices.com/pagead/managed/js/activeview/current/reach_worklet.html:0
[   22568ms] [ERROR] Attestation check for Shared Storage on https://www.googleadservices.com failed. @ https://www.googleadservices.com/pagead/managed/js/activeview/current/reach_worklet.html:0
[   22753ms] [ERROR] Refused to get unsafe header "X-Afma-Gcache-IsGcacheHit" @ https://imasdk.googleapis.com/formats/outstream/versioned/prod2/outstream_web_client_20260511_RC00/outstream.min.js:459
[   22959ms] [ERROR] Refused to get unsafe header "X-Afma-Gcache-IsGcacheHit" @ https://imasdk.googleapis.com/formats/outstream/versioned/prod2/outstream_web_client_20260511_RC00/outstream.min.js:459
[   23218ms] [ERROR] Refused to get unsafe header "X-Afma-Gcache-IsGcacheHit" @ https://imasdk.googleapis.com/formats/outstream/versioned/prod2/outstream_web_client_20260511_RC00/outstream.min.js:459
[   23417ms] [ERROR] Attestation check for Attribution Reporting on https://ad.doubleclick.net failed. @ https://www.chilevision.cl/chv-deportes/futbol-internacional/chilevision-confirma-sus-partidos-para-el-mundial-2026-revisa-el-calendario-completo-y-los-horarios-en-chile/:0
[   23427ms] [LOG] no video @ https://s0.2mdn.net/sadbundle/5610348632892502372/js/combined.js:8
[   23429ms] [ERROR] Access denied: Cross-origin restriction. @ https://s0.2mdn.net/sadbundle/5610348632892502372/js/combined.js:8
[   23431ms] [LOG] 61 11 @ https://s0.2mdn.net/sadbundle/5610348632892502372/js/combined.js:8
[   17947ms] [ERROR] Failed to load resource: net::ERR_NAME_NOT_RESOLVED @ https://js.dmtry.com/antenna2.js?0_4202_435938556_252390791:0
[   17952ms] [ERROR] Failed to load resource: net::ERR_NAME_NOT_RESOLVED @ https://log.dmtry.com/redir/1/0/4202/435938556/252390791/1/180/0/1006/1.ver?at=i&d=PxImp:0
[   22122ms] [ERROR] Failed to load resource: net::ERR_NAME_NOT_RESOLVED @ https://log.dmtry.com/redir/1/0/4202/435938544/252390788/1/180/0/1006/1.ver?at=i&d=PxImp:0
[   22122ms] [ERROR] Failed to load resource: net::ERR_NAME_NOT_RESOLVED @ https://js.dmtry.com/antenna2.js?0_4202_435938544_252390788:0
[   17947ms] [ERROR] Failed to load resource: net::ERR_NAME_NOT_RESOLVED @ https://js.dmtry.com/antenna2.js?0_4202_435938556_252390791:0
[   17952ms] [ERROR] Failed to load resource: net::ERR_NAME_NOT_RESOLVED @ https://log.dmtry.com/redir/1/0/4202/435938556/252390791/1/180/0/1006/1.ver?at=i&d=PxImp:0
[   22122ms] [ERROR] Failed to load resource: net::ERR_NAME_NOT_RESOLVED @ https://log.dmtry.com/redir/1/0/4202/435938544/252390788/1/180/0/1006/1.ver?at=i&d=PxImp:0
[   22122ms] [ERROR] Failed to load resource: net::ERR_NAME_NOT_RESOLVED @ https://js.dmtry.com/antenna2.js?0_4202_435938544_252390788:0
[   24308ms] [ERROR] Access to fetch at 'https://player.aplhb.adipolo.com/exchange_rates/313490/config.json?cb=https%3A%2F%2Fwww.chilevision.cl%2Fchv-deportes%2Ffutbol-internacional%2Fchilevision-confirma-sus-partidos-para-el-mundial-2026-revisa-el-calendario-completo-y-los-horarios-en-chile%2F' from origin 'https://www.chilevision.cl' has been blocked by CORS policy: The 'Access-Control-Allow-Origin' header contains multiple values 'https://www.chilevision.cl, https://www.chilevision.cl', but only one is allowed. Have the server send the header with a valid value. @ https://www.chilevision.cl/chv-deportes/futbol-internacional/chilevision-confirma-sus-partidos-para-el-mundial-2026-revisa-el-calendario-completo-y-los-horarios-en-chile/:0
[   24308ms] [ERROR] Failed to load resource: net::ERR_FAILED @ https://player.aplhb.adipolo.com/exchange_rates/313490/config.json?cb=https%3A%2F%2Fwww.chilevision.cl%2Fchv-deportes%2Ffutbol-internacional%2Fchilevision-confirma-sus-partidos-para-el-mundial-2026-revisa-el-calendario-completo-y-los-horarios-en-chile%2F:0
[   24310ms] [ERROR] Failed to load resource: net::ERR_SSL_VERSION_OR_CIPHER_MISMATCH @ https://id.crwdcntrl.net/id:0
[   24346ms] [ERROR] Access to fetch at 'https://player.aplhb.adipolo.com/exchange_rates/313490/config.json?cb=https%3A%2F%2Fwww.chilevision.cl%2Fchv-deportes%2Ffutbol-internacional%2Fchilevision-confirma-sus-partidos-para-el-mundial-2026-revisa-el-calendario-completo-y-los-horarios-en-chile%2F' from origin 'https://www.chilevision.cl' has been blocked by CORS policy: The 'Access-Control-Allow-Origin' header contains multiple values 'https://www.chilevision.cl, https://www.chilevision.cl', but only one is allowed. Have the server send the header with a valid value. @ https://www.chilevision.cl/chv-deportes/futbol-internacional/chilevision-confirma-sus-partidos-para-el-mundial-2026-revisa-el-calendario-completo-y-los-horarios-en-chile/:0
[   24346ms] [ERROR] Failed to load resource: net::ERR_FAILED @ https://player.aplhb.adipolo.com/exchange_rates/313490/config.json?cb=https%3A%2F%2Fwww.chilevision.cl%2Fchv-deportes%2Ffutbol-internacional%2Fchilevision-confirma-sus-partidos-para-el-mundial-2026-revisa-el-calendario-completo-y-los-horarios-en-chile%2F:0
[   24514ms] [ERROR] Failed to load resource: net::ERR_SSL_VERSION_OR_CIPHER_MISMATCH @ https://id.crwdcntrl.net/id:0
[   24661ms] [ERROR] Failed to load resource: net::ERR_NAME_NOT_RESOLVED @ https://api-v6.prod.first-id.fr/firstId?int=1&bs=Mozilla%2F5.0%20(Macintosh%3B%20Intel%20Mac%20OS%20X%2010_15_7)%20AppleWebKit%2F537.36%20(KHTML%2C%20like%20Gecko)%20Chrome%2F148.0.0.0%20Safari%2F537.36%3A%3Aes-419%3A%3A1710%3A%3A1112%3A%3A16%3A%3A8&ver=1.44.0&clientId=T656dc5f8NdhGJ:0
[   25291ms] [ERROR] Failed to load resource: net::ERR_SSL_VERSION_OR_CIPHER_MISMATCH @ https://id.crwdcntrl.net/id?gdpr_applies=false&c=17553:0
[   17947ms] [ERROR] Failed to load resource: net::ERR_NAME_NOT_RESOLVED @ https://js.dmtry.com/antenna2.js?0_4202_435938556_252390791:0
[   17952ms] [ERROR] Failed to load resource: net::ERR_NAME_NOT_RESOLVED @ https://log.dmtry.com/redir/1/0/4202/435938556/252390791/1/180/0/1006/1.ver?at=i&d=PxImp:0
[   22122ms] [ERROR] Failed to load resource: net::ERR_NAME_NOT_RESOLVED @ https://log.dmtry.com/redir/1/0/4202/435938544/252390788/1/180/0/1006/1.ver?at=i&d=PxImp:0
[   22122ms] [ERROR] Failed to load resource: net::ERR_NAME_NOT_RESOLVED @ https://js.dmtry.com/antenna2.js?0_4202_435938544_252390788:0
[   26145ms] [ERROR] Access to fetch at 'https://prebid.smilewanted.com/' from origin 'https://www.chilevision.cl' has been blocked by CORS policy: The value of the 'Access-Control-Allow-Origin' header in the response must not be the wildcard '*' when the request's credentials mode is 'include'. @ https://www.chilevision.cl/chv-deportes/futbol-internacional/chilevision-confirma-sus-partidos-para-el-mundial-2026-revisa-el-calendario-completo-y-los-horarios-en-chile/:0
[   26145ms] [ERROR] Failed to load resource: net::ERR_FAILED @ https://prebid.smilewanted.com/:0
[   26797ms] [ERROR] Failed to load resource: the server responded with a status of 424 (Failed Dependency) @ https://t.adx.opera.com/pub/sync?pubid=pub10101531197440&gdpr=1&gdpr_consent=:0
[   26867ms] [WARNING] [MOW] Non-fatal IMA Log: The overlay ad content could not be displayed since creative dimensions do not align with display area. @ https://ejs.mowplayer.com/js/player/midEdnRodu.js:45
[   27160ms] [ERROR] Failed to load resource: net::ERR_NAME_NOT_RESOLVED @ https://api-v6.prod.first-id.fr/info:0
[   27686ms] [WARNING] [MOW] Non-fatal IMA Log: The overlay ad content could not be displayed since creative dimensions do not align with display area. @ https://ejs.mowplayer.com/js/player/midEdnRodu.js:45
[   31813ms] [DIR] SyntaxError @ https://js.ad-score.com/score.min.js?pid=1000925&tt=g:1
