[     109ms] ReferenceError: process is not defined
    at readEnv (http://localhost:4321/src/lib/supabase.ts:4:35)
    at http://localhost:4321/src/lib/supabase.ts:6:21
[   29400ms] ReferenceError: process is not defined
    at readEnv (http://localhost:4321/src/lib/supabase.ts:4:35)
    at http://localhost:4321/src/lib/supabase.ts:6:21
[   32947ms] [VERBOSE] [DOM] Password field is not contained in a form: (More info: https://goo.gl/9p2vKq) %o @ https://accounts.google.com/v3/signin/identifier?opparams=%253Fredirect_to%253Dhttp%25253A%25252F%25252Flocalhost%25253A4321%25252Fapi%25252Fauth%25252Fcallback&dsh=S-1660076904%3A1781315036964586&client_id=253033750242-q2e1pe877rfd0ndlkrgp8ujnif7qssa9.apps.googleusercontent.com&o2v=2&redirect_uri=https%3A%2F%2Fvwqgxihorcmhoqmiekwy.supabase.co%2Fauth%2Fv1%2Fcallback&response_type=code&scope=email+profile&service=lso&state=3fd94c8e-0656-42e8-9f2a-9dd7ffa7e612&flowName=GeneralOAuthFlow&continue=https%3A%2F%2Faccounts.google.com%2Fsignin%2Foauth%2Fconsent%3Fauthuser%3Dunknown%26part%3DAJi8hAPugf7I9nIIm5dlx2WGLgBvocLuCAwz16M2wV2WPboOnErIRdDg77abAjNXEaEYGsUcsa1OLpPCFfElWPOw835uzJr0N3wh8tNnJbhBTpGizK_1jVWrmMuzNVfD4oIvIzqygqBefo6zGlMVTRd4uSs3PxT3EiFXdjJcotorLEhEE2Mx4VJ2FCqxap6DsEEst8CV_rJ3OFmahCc7KKmq283A6_prEXPdxsc3SyUm0F7BDWgkHof0pN-zOt48M9z9YkGuey5vUY-8mjHvCtMjxK4lZiHv1EtMSJshrQtD1NabGvse2EQwsBYvMBcPcNkuuBhVZWVkDPGF_VRx3ZVU6LszK4WhYn3tGZVHvze0DCR3VApuxqMM3GtSdE4y53IwtwZbIevfRkEf9Cn6179SZ5b09iukibZcyZ2FVa8OZxwi9AtCmOLgbQGXWoaiXaTXfXc0tWdDddi6cCgUZe1az8cdBDYphSJC5U-jThM_z9oplXS1KuA%26flowName%3DGeneralOAuthFlow%26as%3DS-1660076904%253A1781315036964586%26client_id%3D253033750242-q2e1pe877rfd0ndlkrgp8ujnif7qssa9.apps.googleusercontent.com%26requestPath%3D%252Fsignin%252Foauth%252Fconsent%23&app_domain=https%3A%2F%2Fvwqgxihorcmhoqmiekwy.supabase.co&rart=ANgoxceydt-PTz8H5TXbRmhvc4ssdaEAaZ2Hu1pMUyik0UuQTxaFOyUENjuI8zVAWINqc1-f5cJjDOI2dHyZib0Fgs2dKpdfq5obMG_3t45oQWpwpPgyQOY:0
[   32967ms] [LOG] %c%s color: red; background: yellow; font-size: 24px; WARNING! @ https://www.gstatic.com/_/mss/boq-identity/_/js/k=boq-identity.AccountsSignInUi.en_US.rdtyFh-827A.es5.O/am=EQ0AAAAMFP8IGQD8__83AAABBNkO-J4F0AQIGQAAAAAAAAAAsAAAAI0/d=1/excm=_b,_tp,identifierview/ed=1/dg=0/wt=2/ujg=1/rs=AOaEmlHLTMbAcRh_fwzDtwSodZPOytbXHA/dti=1/m=_b,_tp:548
[   32967ms] [LOG] %c%s font-size: 18px; Using this console may allow attackers to impersonate you and steal your information using an attack called Self-XSS.
Do not enter or paste code that you do not understand. @ https://www.gstatic.com/_/mss/boq-identity/_/js/k=boq-identity.AccountsSignInUi.en_US.rdtyFh-827A.es5.O/am=EQ0AAAAMFP8IGQD8__83AAABBNkO-J4F0AQIGQAAAAAAAAAAsAAAAI0/d=1/excm=_b,_tp,identifierview/ed=1/dg=0/wt=2/ujg=1/rs=AOaEmlHLTMbAcRh_fwzDtwSodZPOytbXHA/dti=1/m=_b,_tp:548
[   39721ms] [WARNING] Blocked aria-hidden on an element because its descendant retained focus. The focus must not be hidden from assistive technology users. Avoid using aria-hidden on a focused element or its ancestor. Consider using the inert attribute instead, which will also prevent focus. For more details, see the aria-hidden section of the WAI-ARIA specification at https://w3c.github.io/aria/#aria-hidden.
Element with focus: <div.VfPpkd-qNpTzb-P1ekSe VfPpkd-qNpTzb-P1ekSe-OWXEXe-A9y3zc VfPpkd-qNpTzb-P1ekSe-OWXEXe-OiiCO-IhfUye>
Ancestor with aria-hidden: <div.wuMMWb> @ https://accounts.google.com/v3/signin/identifier?opparams=%253Fredirect_to%253Dhttp%25253A%25252F%25252Flocalhost%25253A4321%25252Fapi%25252Fauth%25252Fcallback&dsh=S-1660076904%3A1781315036964586&client_id=253033750242-q2e1pe877rfd0ndlkrgp8ujnif7qssa9.apps.googleusercontent.com&o2v=2&redirect_uri=https%3A%2F%2Fvwqgxihorcmhoqmiekwy.supabase.co%2Fauth%2Fv1%2Fcallback&response_type=code&scope=email+profile&service=lso&state=3fd94c8e-0656-42e8-9f2a-9dd7ffa7e612&flowName=GeneralOAuthFlow&continue=https%3A%2F%2Faccounts.google.com%2Fsignin%2Foauth%2Fconsent%3Fauthuser%3Dunknown%26part%3DAJi8hAPugf7I9nIIm5dlx2WGLgBvocLuCAwz16M2wV2WPboOnErIRdDg77abAjNXEaEYGsUcsa1OLpPCFfElWPOw835uzJr0N3wh8tNnJbhBTpGizK_1jVWrmMuzNVfD4oIvIzqygqBefo6zGlMVTRd4uSs3PxT3EiFXdjJcotorLEhEE2Mx4VJ2FCqxap6DsEEst8CV_rJ3OFmahCc7KKmq283A6_prEXPdxsc3SyUm0F7BDWgkHof0pN-zOt48M9z9YkGuey5vUY-8mjHvCtMjxK4lZiHv1EtMSJshrQtD1NabGvse2EQwsBYvMBcPcNkuuBhVZWVkDPGF_VRx3ZVU6LszK4WhYn3tGZVHvze0DCR3VApuxqMM3GtSdE4y53IwtwZbIevfRkEf9Cn6179SZ5b09iukibZcyZ2FVa8OZxwi9AtCmOLgbQGXWoaiXaTXfXc0tWdDddi6cCgUZe1az8cdBDYphSJC5U-jThM_z9oplXS1KuA%26flowName%3DGeneralOAuthFlow%26as%3DS-1660076904%253A1781315036964586%26client_id%3D253033750242-q2e1pe877rfd0ndlkrgp8ujnif7qssa9.apps.googleusercontent.com%26requestPath%3D%252Fsignin%252Foauth%252Fconsent%23&app_domain=https%3A%2F%2Fvwqgxihorcmhoqmiekwy.supabase.co&rart=ANgoxceydt-PTz8H5TXbRmhvc4ssdaEAaZ2Hu1pMUyik0UuQTxaFOyUENjuI8zVAWINqc1-f5cJjDOI2dHyZib0Fgs2dKpdfq5obMG_3t45oQWpwpPgyQOY:0
[   43201ms] ReferenceError: process is not defined
    at readEnv (http://localhost:4321/src/lib/supabase.ts:4:35)
    at http://localhost:4321/src/lib/supabase.ts:6:21
[   72538ms] ReferenceError: process is not defined
    at readEnv (http://localhost:4321/src/lib/supabase.ts:4:35)
    at http://localhost:4321/src/lib/supabase.ts:6:21
[   78879ms] ReferenceError: process is not defined
    at readEnv (http://localhost:4321/src/lib/supabase.ts:4:35)
    at http://localhost:4321/src/lib/supabase.ts:6:21
[   93145ms] [LOG] [vite] server connection lost. Polling for restart... @ http://localhost:4321/@vite/client:1598
[   96895ms] ReferenceError: process is not defined
    at readEnv (http://localhost:4321/src/lib/supabase.ts:4:35)
    at http://localhost:4321/src/lib/supabase.ts:6:21
